// Jest Snapshot v1, https://goo.gl/fbAQLP

exports[`MoreInSocial User navigates to MenuComponent 1`] = `
<TouchableOpacity
  activeOpacity={0.2}
  style={
    Object {
      "alignItems": "center",
      "justifyContent": "center",
      "marginTop": 23,
    }
  }
  testID="onMenuPreeButton"
>
  <Image
    resizeMode="contain"
    style={
      Object {
        "height": 20,
        "width": 20,
      }
    }
  />
  <Text
    style={
      Object {
        "color": "rgb(163,164,165)",
        "fontSize": 13,
        "paddingHorizontal": 23,
        "paddingTop": 5,
      }
    }
  />
</TouchableOpacity>
`;

exports[`MoreInSocial User navigates to More In Social 1`] = `
<SafeAreaView
  style={
    Object {
      "backgroundColor": "#454545",
      "flex": 1,
    }
  }
>
  <ImageBackground
    source={
      Object {
        "testUri": "../../../packages/blocks/MoreInSocial/assets/image_background-1.png",
      }
    }
    style={
      Object {
        "flex": 1,
        "height": 1334,
        "width": 750,
      }
    }
  >
    <ImageBackground
      source={
        Object {
          "testUri": "../../../packages/blocks/MoreInSocial/assets/image_background-2.png",
        }
      }
      style={
        Object {
          "flex": 1,
          "height": 1334,
          "width": 750,
        }
      }
    >
      <Text
        style={
          Object {
            "color": "white",
            "paddingTop": 20,
          }
        }
      >
        More Tab
      </Text>
      <TouchableOpacity
        activeOpacity={0.2}
        onPress={[Function]}
        style={
          Object {
            "marginTop": 20,
          }
        }
        testID="moreInSocialModalButton"
      >
        <Text
          style={
            Object {
              "color": "white",
            }
          }
        >
          Open Modal
        </Text>
      </TouchableOpacity>
    </ImageBackground>
  </ImageBackground>
</SafeAreaView>
`;
