// Jest Snapshot v1, https://goo.gl/fbAQLP

exports[`MakeDonationScreen User navigates to MakeDonationScreen 1`] = `
<SafeAreaView
  style={
    Object {
      "backgroundColor": "#f17234",
      "flex": 1,
    }
  }
>
  <View
    style={
      Object {
        "width": 750,
      }
    }
  >
    <ImageBackground
      source={
        Object {
          "testUri": "../../../packages/blocks/MakeDonationScreen/assets/image_background-1.png",
        }
      }
      style={
        Object {
          "height": 1334,
          "width": 750,
        }
      }
    >
      <ImageBackground
        source={
          Object {
            "testUri": "../../../packages/blocks/MakeDonationScreen/assets/image_background-2.png",
          }
        }
        style={
          Object {
            "alignItems": "center",
            "height": "100%",
            "width": 750,
          }
        }
      >
        <KeyboardAvoidingView
          behavior="width"
          enabled={true}
          keyboardVerticalOffset={1}
          style={
            Object {
              "flex": 1,
            }
          }
        >
          <StatusBar
            animated={false}
            backgroundColor="#f17234"
            barStyle="default"
            showHideTransition="fade"
          />
          <View
            style={
              Object {
                "height": 1114,
              }
            }
          >
            <View
              style={
                Object {
                  "alignItems": "center",
                  "backgroundColor": "rgba(255,138,73,1)",
                  "flexDirection": "row",
                  "height": 93.5,
                  "justifyContent": "space-between",
                  "width": 750,
                }
              }
            >
              <TouchableOpacity
                activeOpacity={0.2}
                onPress={[Function]}
                style={
                  Object {
                    "alignItems": "center",
                    "height": "90%",
                    "justifyContent": "center",
                    "width": "15%",
                  }
                }
                testID="btnGoBack"
              >
                <Image
                  source={
                    Object {
                      "testUri": "../../../packages/blocks/MakeDonationScreen/assets/image_back.png",
                    }
                  }
                  style={
                    Object {
                      "height": 15,
                      "tintColor": "#404040",
                      "width": 15,
                    }
                  }
                />
              </TouchableOpacity>
              <View
                style={
                  Object {
                    "alignItems": "center",
                    "height": "100%",
                    "justifyContent": "center",
                    "width": "70%",
                  }
                }
              >
                <Text
                  style={
                    Object {
                      "color": "#404040",
                      "fontSize": 30,
                      "fontWeight": "700",
                    }
                  }
                >
                  Make Donation
                </Text>
              </View>
              <View
                style={
                  Object {
                    "height": "100%",
                    "width": "15%",
                  }
                }
              />
            </View>
            <ScrollViewMock>
              <View
                style={
                  Object {
                    "alignSelf": "center",
                    "height": 30,
                    "justifyContent": "center",
                    "marginTop": 40,
                    "width": 730,
                  }
                }
              >
                <Text
                  style={
                    Object {
                      "color": "#cdcdcd",
                    }
                  }
                >
                  Donate to
                </Text>
              </View>
              <TouchableOpacity
                activeOpacity={0.2}
                onPress={[Function]}
                style={
                  Object {
                    "alignItems": "center",
                    "alignSelf": "center",
                    "backgroundColor": "#515151",
                    "borderRadius": 50,
                    "flexDirection": "row",
                    "height": 50,
                    "justifyContent": "space-between",
                    "width": 730,
                  }
                }
                testID="modaltoggleID"
              >
                <Text
                  style={
                    Object {
                      "color": "#a1a1a1",
                      "marginLeft": 15,
                    }
                  }
                >
                  2
                </Text>
                <Image
                  source={
                    Object {
                      "testUri": "../../../packages/blocks/MakeDonationScreen/assets/down-arrow.png",
                    }
                  }
                  style={
                    Object {
                      "height": 15,
                      "marginRight": 18,
                      "tintColor": "#a1a1a1",
                      "width": 15,
                    }
                  }
                />
              </TouchableOpacity>
              <View
                style={
                  Object {
                    "alignSelf": "center",
                    "height": 30,
                    "justifyContent": "center",
                    "marginTop": 50,
                    "width": 730,
                  }
                }
              >
                <Text
                  style={
                    Object {
                      "color": "#cdcdcd",
                    }
                  }
                >
                  Amount
                </Text>
              </View>
              <View
                style={
                  Object {
                    "alignSelf": "center",
                    "flexDirection": "row",
                    "height": 50,
                    "justifyContent": "space-between",
                    "marginTop": 20,
                    "width": 730,
                  }
                }
              >
                <TouchableOpacity
                  activeOpacity={0.2}
                  onPress={[Function]}
                  style={
                    Object {
                      "alignItems": "center",
                      "backgroundColor": "#515151",
                      "borderRadius": 25,
                      "height": "100%",
                      "justifyContent": "center",
                      "width": "23%",
                    }
                  }
                  testID="staticamount1ID"
                >
                  <Text
                    style={
                      Object {
                        "color": "#a1a1a1",
                      }
                    }
                  >
                    ₹ 100
                  </Text>
                </TouchableOpacity>
                <TouchableOpacity
                  activeOpacity={0.2}
                  onPress={[Function]}
                  style={
                    Object {
                      "alignItems": "center",
                      "backgroundColor": "#515151",
                      "borderRadius": 25,
                      "height": "100%",
                      "justifyContent": "center",
                      "width": "23%",
                    }
                  }
                  testID="staticamount2ID"
                >
                  <Text
                    style={
                      Object {
                        "color": "#a1a1a1",
                      }
                    }
                  >
                    ₹ 500
                  </Text>
                </TouchableOpacity>
                <TouchableOpacity
                  activeOpacity={0.2}
                  onPress={[Function]}
                  style={
                    Object {
                      "alignItems": "center",
                      "backgroundColor": "#515151",
                      "borderRadius": 25,
                      "height": "100%",
                      "justifyContent": "center",
                      "width": "23%",
                    }
                  }
                  testID="staticamount3ID"
                >
                  <Text
                    style={
                      Object {
                        "color": "#a1a1a1",
                      }
                    }
                  >
                    ₹ 1000
                  </Text>
                </TouchableOpacity>
                <TouchableOpacity
                  activeOpacity={0.2}
                  onPress={[Function]}
                  style={
                    Object {
                      "alignItems": "center",
                      "backgroundColor": "#515151",
                      "borderRadius": 25,
                      "height": "100%",
                      "justifyContent": "center",
                      "width": "23%",
                    }
                  }
                  testID="staticamount4ID"
                >
                  <Text
                    style={
                      Object {
                        "color": "#a1a1a1",
                      }
                    }
                  >
                    ₹ 2000
                  </Text>
                </TouchableOpacity>
              </View>
              <View
                style={
                  Object {
                    "alignSelf": "center",
                    "backgroundColor": "#515151",
                    "borderRadius": 50,
                    "height": 50,
                    "justifyContent": "center",
                    "marginTop": 50,
                    "width": 730,
                  }
                }
              >
                <TextInput
                  allowFontScaling={true}
                  keyboardType="number-pad"
                  maxLength={10}
                  onChangeText={[Function]}
                  placeholder="Enter custom amount"
                  placeholderTextColor="#a1a1a1"
                  rejectResponderTermination={true}
                  style={
                    Object {
                      "color": "#a1a1a1",
                      "marginLeft": 20,
                    }
                  }
                  testID="customAmountID"
                  underlineColorAndroid="transparent"
                  value="0"
                />
              </View>
            </ScrollViewMock>
          </View>
          <TouchableOpacity
            activeOpacity={0.2}
            onPress={[Function]}
            style={
              Object {
                "alignItems": "center",
                "alignSelf": "center",
                "backgroundColor": "rgba(255,138,73,1)",
                "borderRadius": 50,
                "height": 50,
                "justifyContent": "center",
                "marginBottom": 20,
                "width": 730,
              }
            }
            testID="doneclickID"
          >
            <Text
              style={
                Object {
                  "color": "rgb(255,255,255)",
                  "fontWeight": "700",
                }
              }
            >
              DONATE NOW
            </Text>
          </TouchableOpacity>
        </KeyboardAvoidingView>
      </ImageBackground>
    </ImageBackground>
  </View>
</SafeAreaView>
`;
