// Jest Snapshot v1, https://goo.gl/fbAQLP

exports[`PanicScreen User navigates to PanicScreen 1`] = `
<ForwardRef(SafeAreaView)
  style={
    Object {
      "backgroundColor": "#454545",
      "flex": 1,
    }
  }
>
  <TouchableWithoutFeedback
    onPress={[Function]}
    testID="twfIDbtn"
  >
    <View
      style={
        Object {
          "width": 750,
        }
      }
    >
      <ImageBackground
        source={
          Object {
            "testUri": "../../../packages/blocks/PanicScreen/assets/image_background-1.png",
          }
        }
        style={
          Object {
            "height": "100%",
            "width": 750,
          }
        }
      >
        <ImageBackground
          source={
            Object {
              "testUri": "../../../packages/blocks/PanicScreen/assets/image_background-2.png",
            }
          }
          style={
            Object {
              "alignItems": "center",
              "height": "100%",
              "width": 750,
            }
          }
        >
          <View
            style={
              Object {
                "flex": 1,
              }
            }
          >
            <View
              style={
                Object {
                  "flexDirection": "row",
                  "height": 60,
                  "justifyContent": "space-between",
                  "width": 750,
                }
              }
            >
              <ForwardRef
                onPress={[Function]}
                style={
                  Object {
                    "marginLeft": 20,
                    "marginTop": 22,
                  }
                }
                testID="gobackbtnID"
              >
                <Image
                  source={
                    Object {
                      "testUri": "../../../packages/blocks/PanicScreen/assets/image_back.png",
                    }
                  }
                  style={
                    Object {
                      "height": 15,
                      "tintColor": "#f07233",
                      "width": 15,
                    }
                  }
                />
              </ForwardRef>
            </View>
            <View
              style={
                Object {
                  "alignSelf": "center",
                  "height": 30,
                  "justifyContent": "center",
                  "marginVertical": 40,
                  "width": 730,
                }
              }
            >
              <Text
                style={
                  Object {
                    "color": "rgb(255,255,255)",
                    "fontSize": 20,
                  }
                }
              >
                Incidentpppppppoppp Report
              </Text>
              <Text
                style={
                  Object {
                    "color": "#a1a1a1",
                    "fontSize": 16,
                    "marginTop": 5,
                    "width": 730,
                  }
                }
              >
                Please fill following information as it will provide
              </Text>
              <Text
                style={
                  Object {
                    "color": "#a1a1a1",
                    "fontSize": 16,
                    "width": 730,
                  }
                }
              >
                better insight on incident.
              </Text>
            </View>
            <View
              style={
                Object {
                  "backgroundColor": "#454545",
                  "marginLeft": 59,
                  "paddingHorizontal": 7,
                  "paddingLeft": 10,
                  "top": 18,
                  "width": 275,
                  "zIndex": 1,
                }
              }
            >
              <Text
                style={
                  Object {
                    "color": "#a1a1a1",
                  }
                }
              >
                Describe problem
              </Text>
            </View>
            <View
              style={
                Object {
                  "alignSelf": "center",
                  "borderColor": "#a1a1a1",
                  "borderRadius": 5,
                  "borderWidth": 1,
                  "height": 100,
                  "width": 730,
                }
              }
            >
              <Component
                allowFontScaling={true}
                multiline={true}
                onChangeText={[Function]}
                placeholder=""
                rejectResponderTermination={true}
                style={
                  Object {
                    "color": "#a1a1a1",
                    "height": "100%",
                    "padding": 13,
                    "textAlignVertical": "top",
                    "width": "100%",
                  }
                }
                testID="commentinputID"
                underlineColorAndroid="transparent"
                value=""
              />
            </View>
            <View
              style={
                Object {
                  "alignSelf": "center",
                  "height": 30,
                  "justifyContent": "center",
                  "marginTop": 20,
                  "width": 730,
                }
              }
            >
              <Text
                style={
                  Object {
                    "color": "#cdcdcd",
                  }
                }
              >
                Take some pictures
              </Text>
            </View>
            <View
              style={
                Object {
                  "alignSelf": "center",
                  "flexDirection": "row",
                  "height": 50,
                  "justifyContent": "space-around",
                  "marginTop": 10,
                  "width": 730,
                }
              }
            >
              <ForwardRef
                onPress={[Function]}
                style={
                  Object {
                    "height": 50,
                    "width": 50,
                  }
                }
                testID="imgclick1"
              >
                <Image
                  source={
                    Object {
                      "testUri": "../../../packages/blocks/PanicScreen/assets/camera.png",
                    }
                  }
                  style={
                    Object {
                      "height": "100%",
                      "tintColor": "#a1a1a1",
                      "width": "100%",
                    }
                  }
                />
              </ForwardRef>
              <ForwardRef
                onPress={[Function]}
                style={
                  Object {
                    "height": 50,
                    "width": 50,
                  }
                }
                testID="imgclick2"
              >
                <Image
                  source={
                    Object {
                      "testUri": "../../../packages/blocks/PanicScreen/assets/camera.png",
                    }
                  }
                  style={
                    Object {
                      "height": "100%",
                      "tintColor": "#a1a1a1",
                      "width": "100%",
                    }
                  }
                />
              </ForwardRef>
              <ForwardRef
                onPress={[Function]}
                style={
                  Object {
                    "height": 50,
                    "width": 50,
                  }
                }
                testID="imgclick3"
              >
                <Image
                  source={
                    Object {
                      "testUri": "../../../packages/blocks/PanicScreen/assets/camera.png",
                    }
                  }
                  style={
                    Object {
                      "height": "100%",
                      "tintColor": "#a1a1a1",
                      "width": "100%",
                    }
                  }
                />
              </ForwardRef>
              <ForwardRef
                onPress={[Function]}
                style={
                  Object {
                    "height": 50,
                    "width": 50,
                  }
                }
                testID="imgclick4"
              >
                <Image
                  source={
                    Object {
                      "testUri": "../../../packages/blocks/PanicScreen/assets/camera.png",
                    }
                  }
                  style={
                    Object {
                      "height": "100%",
                      "tintColor": "#a1a1a1",
                      "width": "100%",
                    }
                  }
                />
              </ForwardRef>
            </View>
            <View
              style={
                Object {
                  "flex": 1,
                }
              }
            >
              <Component
                hardwareAccelerated={false}
                transparent={true}
                visible={false}
              >
                <View
                  style={
                    Object {
                      "alignItems": "center",
                      "height": 1334,
                      "justifyContent": "center",
                      "width": 750,
                    }
                  }
                >
                  <View
                    style={
                      Object {
                        "alignItems": "center",
                        "alignSelf": "center",
                        "height": 100,
                        "justifyContent": "center",
                        "width": 730,
                      }
                    }
                  >
                    <ActivityIndicator
                      animating={true}
                      color="#f07233"
                      hidesWhenStopped={true}
                      size="large"
                    />
                  </View>
                </View>
              </Component>
            </View>
            <View
              style={
                Object {
                  "flex": 1,
                }
              }
            >
              <Component
                hardwareAccelerated={false}
                transparent={true}
                visible={false}
              >
                <ImageBackground
                  source={
                    Object {
                      "testUri": "../../../packages/blocks/PanicScreen/assets/image_background-1.png",
                    }
                  }
                  style={
                    Object {
                      "flex": 1,
                      "height": 1334,
                      "width": 750,
                    }
                  }
                >
                  <ImageBackground
                    source={
                      Object {
                        "testUri": "../../../packages/blocks/PanicScreen/assets/image_background-2.png",
                      }
                    }
                    style={
                      Object {
                        "flex": 1,
                        "height": 1334,
                        "width": 750,
                      }
                    }
                  >
                    <ForwardRef(SafeAreaView)>
                      <ScrollView
                        keyboardShouldPersistTaps="always"
                      >
                        <View
                          style={
                            Object {
                              "alignItems": "center",
                              "justifyContent": "center",
                              "marginTop": 93,
                            }
                          }
                        >
                          <Text
                            style={
                              Object {
                                "color": "rgba(105,105,105,0.9)",
                                "fontSize": 29,
                              }
                            }
                          />
                          <Text
                            style={
                              Object {
                                "color": "rgba(105,105,105,0.9)",
                                "fontSize": 29,
                              }
                            }
                          >
                            you are about to call emergency
                          </Text>
                          <Text
                            style={
                              Object {
                                "color": "rgba(105,105,105,0.9)",
                                "fontSize": 29,
                              }
                            }
                          >
                            The call will start automatically in....
                          </Text>
                        </View>
                        <View
                          style={
                            Object {
                              "alignItems": "center",
                              "flex": 1,
                              "justifyContent": "center",
                              "marginTop": 98,
                            }
                          }
                        >
                          <View
                            style={
                              Object {
                                "alignItems": "center",
                                "height": 300,
                                "width": 300,
                              }
                            }
                          >
                            <ForwardRef
                              style={
                                Object {
                                  "backgroundColor": "#a1a1a1",
                                  "borderRadius": 150,
                                  "height": 300,
                                  "opacity": 0.2,
                                  "position": "absolute",
                                  "top": 0,
                                  "width": 300,
                                }
                              }
                            />
                            <ForwardRef
                              style={
                                Object {
                                  "backgroundColor": "#cdcdcd",
                                  "borderRadius": 150,
                                  "height": 240,
                                  "left": 30,
                                  "opacity": 0.2,
                                  "position": "absolute",
                                  "top": 30,
                                  "width": 240,
                                }
                              }
                            />
                            <LinearGradient
                              colors={
                                Array [
                                  "#f89345",
                                  "#f07434",
                                ]
                              }
                              end={
                                Object {
                                  "x": 0.5,
                                  "y": 1,
                                }
                              }
                              start={
                                Object {
                                  "x": 0.5,
                                  "y": 0,
                                }
                              }
                              style={
                                Object {
                                  "backgroundColor": "#FFFFFF",
                                  "borderRadius": 90,
                                  "height": 180,
                                  "left": 60,
                                  "position": "absolute",
                                  "top": 60,
                                  "width": 180,
                                }
                              }
                            >
                              <Component
                                autoStart={true}
                                initialSeconds={15}
                                onEnd={[Function]}
                                style={
                                  Object {
                                    "alignItems": "center",
                                    "alignSelf": "center",
                                    "borderRadius": 100,
                                    "flex": 1,
                                    "height": "100%",
                                    "justifyContent": "center",
                                    "width": "100%",
                                  }
                                }
                                testID="countdownID"
                                textStyle={
                                  Object {
                                    "color": "rgb(255,255,255)",
                                    "fontSize": 80,
                                  }
                                }
                              />
                            </LinearGradient>
                          </View>
                        </View>
                        <Text
                          onPress={[Function]}
                          style={
                            Object {
                              "alignSelf": "center",
                              "color": "rgb(255,157,43)",
                              "fontSize": 27,
                              "fontWeight": "600",
                              "letterSpacing": 2,
                              "marginTop": 133,
                            }
                          }
                          testID="cancelBtnID"
                        >
                          CANCEL
                        </Text>
                      </ScrollView>
                    </ForwardRef(SafeAreaView)>
                  </ImageBackground>
                </ImageBackground>
              </Component>
            </View>
          </View>
          <View>
            <ForwardRef
              onPress={[Function]}
              style={
                Object {
                  "alignItems": "center",
                  "alignSelf": "center",
                  "backgroundColor": "rgba(255,138,73,1)",
                  "borderRadius": 50,
                  "height": 50,
                  "justifyContent": "center",
                  "marginBottom": 20,
                  "width": 730,
                }
              }
              testID="sendAlertID"
            >
              <Text
                style={
                  Object {
                    "color": "rgb(255,255,255)",
                    "fontWeight": "bold",
                  }
                }
              >
                SEND
              </Text>
            </ForwardRef>
          </View>
        </ImageBackground>
      </ImageBackground>
    </View>
  </TouchableWithoutFeedback>
</ForwardRef(SafeAreaView)>
`;
