// Jest Snapshot v1, https://goo.gl/fbAQLP

exports[`SecuritySetting User navigates to SecuritySetting screen 1`] = `
<SafeAreaView
  style={
    Object {
      "backgroundColor": "#454545",
      "flex": 1,
    }
  }
>
  <View
    style={
      Object {
        "width": 750,
      }
    }
  >
    <StatusBar
      animated={true}
      backgroundColor="#454545"
      barStyle="light-content"
      showHideTransition="slide"
    />
    <ImageBackground
      source={
        Object {
          "testUri": "../../../packages/blocks/SecuritySetting/assets/image_background-1.png",
        }
      }
      style={
        Object {
          "height": 1334,
          "width": 750,
        }
      }
    >
      <ImageBackground
        source={
          Object {
            "testUri": "../../../packages/blocks/SecuritySetting/assets/image_background-2.png",
          }
        }
        style={
          Array [
            Object {
              "height": 1334,
              "width": 750,
            },
            Object {
              "alignItems": "center",
            },
          ]
        }
      >
        <View
          style={
            Object {
              "height": 60,
              "justifyContent": "center",
              "width": 750,
            }
          }
        >
          <TouchableOpacity
            activeOpacity={0.2}
            onPress={[Function]}
            style={
              Object {
                "marginLeft": 20,
              }
            }
            testID="backButton"
          >
            <Image
              source={
                Object {
                  "testUri": "../../../packages/blocks/SecuritySetting/assets/image_back.png",
                }
              }
              style={
                Object {
                  "height": 15,
                  "tintColor": "#f07233",
                  "width": 15,
                }
              }
            />
          </TouchableOpacity>
        </View>
        <Text
          style={
            Object {
              "color": "rgb(255,255,255)",
              "fontSize": 20,
              "marginTop": 40,
              "width": 725,
            }
          }
        >
          Security.
        </Text>
        <Text
          style={
            Object {
              "color": "#a1a1a1",
              "fontSize": 16,
              "marginTop": 10,
              "width": 725,
            }
          }
        >
          When 2-step is tuned ON.you will prompted for your passcode when you are trying to re-login or restore your profile
        </Text>
        <View
          style={
            Object {
              "alignItems": "center",
              "alignSelf": "center",
              "flexDirection": "row",
              "height": 50,
              "marginTop": 40,
              "width": 725,
            }
          }
        >
          <Text
            style={
              Object {
                "color": "rgb(255,255,255)",
                "fontSize": 20,
                "width": "85%",
              }
            }
          >
            2-step Verification
          </Text>
          <Switch
            ios_backgroundColor="#000"
            onValueChange={[Function]}
            style={
              Object {
                "transform": Array [
                  Object {
                    "scaleX": 0.9,
                  },
                  Object {
                    "scaleY": 0.9,
                  },
                ],
              }
            }
            testID="twoStepSwitch"
            thumbColor="rgb(255,255,255)"
            trackColor={
              Object {
                "false": "rgb(0,0,0)",
                "true": "rgba(255,138,73,1)",
              }
            }
            value={false}
          />
        </View>
        <Component
          hardwareAccelerated={false}
          transparent={true}
          visible={false}
        >
          <View
            style={
              Object {
                "alignItems": "center",
                "height": 1334,
                "justifyContent": "center",
                "width": 750,
              }
            }
          >
            <View
              style={
                Object {
                  "alignSelf": "center",
                  "backgroundColor": "#fff",
                  "height": 334,
                  "width": 613,
                }
              }
            >
              <View
                style={
                  Object {
                    "alignSelf": "center",
                    "width": 573,
                  }
                }
              >
                <Text
                  style={
                    Object {
                      "color": "rgb(0,0,0)",
                      "fontSize": 31,
                      "paddingBottom": 50,
                      "paddingTop": 30,
                    }
                  }
                >
                  Do you really want to disable the 2-step verification?
                   
                </Text>
              </View>
              <View
                style={
                  Object {
                    "backgroundColor": "#a1a1a1",
                    "height": 1,
                    "width": "100%",
                  }
                }
              />
              <View
                style={
                  Object {
                    "flex": 1,
                    "justifyContent": "center",
                  }
                }
              >
                <View
                  style={
                    Object {
                      "alignSelf": "flex-end",
                      "flexDirection": "row",
                      "justifyContent": "space-between",
                      "marginRight": 20,
                      "width": 110,
                    }
                  }
                >
                  <TouchableOpacity
                    activeOpacity={0.2}
                    onPress={[Function]}
                    style={
                      Object {
                        "width": 50,
                      }
                    }
                    testID="noButton"
                  >
                    <Text
                      style={
                        Object {
                          "color": "#a1a1a1",
                          "fontSize": 15,
                        }
                      }
                    >
                      NO
                    </Text>
                  </TouchableOpacity>
                  <TouchableOpacity
                    activeOpacity={0.2}
                    onPress={[Function]}
                    style={
                      Object {
                        "width": 50,
                      }
                    }
                    testID="yesButton"
                  >
                    <Text
                      style={
                        Array [
                          Object {
                            "color": "#a1a1a1",
                            "fontSize": 15,
                          },
                          Object {
                            "color": "rgb(0,0,0)",
                          },
                        ]
                      }
                    >
                      YES
                    </Text>
                  </TouchableOpacity>
                </View>
              </View>
            </View>
          </View>
        </Component>
        <Component
          hardwareAccelerated={false}
          transparent={true}
          visible={false}
        >
          <View
            style={
              Object {
                "alignItems": "center",
                "height": 1334,
                "justifyContent": "center",
                "width": 750,
              }
            }
          >
            <View
              style={
                Array [
                  Object {
                    "alignSelf": "center",
                    "backgroundColor": "#fff",
                    "height": 334,
                    "width": 613,
                  },
                  Object {
                    "height": 196,
                  },
                ]
              }
            >
              <ActivityIndicator
                animating={true}
                color="#f07233"
                hidesWhenStopped={true}
                size="large"
              />
            </View>
          </View>
        </Component>
      </ImageBackground>
    </ImageBackground>
  </View>
</SafeAreaView>
`;
